// Jest Snapshot v1, https://goo.gl/fbAQLP

exports[`should render DeleteConfirmationModal correctly 1`] = `
<Modal
  appElement={null}
  ariaHideApp={true}
  bodyOpenClassName="ReactModal__Body--open"
  className="modal"
  closeTimeoutMS={200}
  isOpen={true}
  onRequestClose={[MockFunction]}
  parentSelector={[Function]}
  portalClassName="modal__wrapper"
  shouldCloseOnEsc={true}
  shouldCloseOnOverlayClick={true}
  shouldFocusAfterRender={true}
  shouldReturnFocusAfterClose={true}
>
  <div
    className="modal__body"
  >
    <h3>
      Removing an expense
    </h3>
    <p>
      Are you sure you want to remove the expense for 
      <span>
        Gum
      </span>
      ?
    </p>
    <p>
      It's 
      $195.00
       and spent on 
      Jan 1, 1970
      .
    </p>
  </div>
  <div
    className="modal__actions"
  >
    <button
      className="button button--danger"
      onClick={[MockFunction]}
    >
      Confirm
    </button>
    <button
      className="button button--secondary"
      onClick={[MockFunction]}
    >
      Cancel
    </button>
  </div>
</Modal>
`;
