// Jest Snapshot v1, https://goo.gl/fbAQLP

exports[`should render Header correctly 1`] = `
<header
  className="header"
>
  <div
    className="content-container"
  >
    <div
      className="header__content"
    >
      <Link
        className="header__title"
        exact={true}
        replace={false}
        to="/dashboard"
      >
        <h1>
          Expensify
        </h1>
      </Link>
      <div
        className="header__actions"
      >
        <button
          className="button button--no-background"
          onClick={[Function]}
        />
        <button
          className="button button--no-background"
        >
          Logout
        </button>
      </div>
    </div>
  </div>
</header>
`;
